Erreur: Fichier d'entrée manquant
Regardez le manuel pour apprendre à utiliser la commande.
