Erreur: Le fichier ../../Tests/Test02/fichierNonExistant est illisible.
