Attention! Seules les requêtes entre 23h et 24h ont été prises en compte.
/page1.html (1 hits)
