Attention! Seules les requêtes entre 11h et 12h ont été prises en compte.
/page1.html (1 hits)
/page2.html (1 hits)
