Erreur dans la lecture du parametre t: temps plus grand que 24 ou négatif.
Regardez le manuel pour plus apprendre à utiliser la commande.
