On ne peut pas Ã©crire dans le fichier "fichierNonVide", il est non vide.
