/page1.php (3 hits)
/favicon.ico (2 hits)
/page2.php (1 hits)
