Attention! Seules les requêtes entre 11h et 12h ont été prises en compte.
/page2.html (1 hits)
Fichier graphe généré
