Erreur : Le fichier ../../Tests/Test04/fichierVide est vide.
