Erreur dans la lecture des paramétres, paramétre "-unParametreInconnu" inconnu.
Regardez le manuel pour plus apprendre à utiliser la commande.
