Attention! Seules les requêtes entre 12h et 13h ont été prises en compte.
/page1.html (1 hits)
/page2.html (1 hits)
/page3.html (1 hits)
/unDossier/unePage.html (1 hits)
Fichier graphe généré

