/page11.html (12 hits)
/page10.html (7 hits)
/page00.html (5 hits)
/page08.html (5 hits)
/page09.html (5 hits)
/page02.html (4 hits)
/page12.html (4 hits)
/page14.html (3 hits)
/page03.html (2 hits)
/page06.html (2 hits)
Fichier graphe généré

