Impossible d'écrire dans le fichier "fichierProtegeEnEcriture", il est protégé en écriture!
