Attention! Seules les requêtes entre 0h et 1h ont été prises en compte.
/page1.html (2 hits)
