Erreur: Le fichier ../../Tests/Test03/fichierIllisible est illisible.

