Erreur dans la lecture du paramétre g.
Regardez le manuel pour plus apprendre à utiliser la commande.
